[1] 35s ctx=3804 read_file journal.md; read_file inputs/rahmen.md; read_file inputs/quelle_keynote.md
[2] 60s ctx=9111 read_file specs/tasks/build-session.md
[3] 76s ctx=11159 read_file specs/tasks/promote-session.md; read_file specs/tasks/validate-course.md
[4] 109s ctx=16366 read_file specs/tasks/validate-syntax.md; read_file specs/data/duration-heuristic.md; read_file specs/data/session-types.md
[5] 136s ctx=20461 read_file specs/data/liascript-cheat-sheet.md; read_file specs/data/didactic-methods.md
[6] 180s ctx=28001 read_file specs/tasks/review-as-persona.md; read_file specs/tasks/quick-fix.md; read_file specs/templates/session-validation.yaml
[7] 689s ctx=32764 write_file materials/01-giz-keynote/README.md
[8] 759s ctx=36006 read_file specs/tasks/update-dashboard.md; read_file specs/templates/project-dashboard.yaml
[9] 1545s ctx=39768 write_file materials/01-giz-keynote/README.md
[10] 1785s ctx=42763 write_file materials/01-giz-keynote/README.md
[11] 1881s ctx=45732 read_file materials/01-giz-keynote/README.md
[12] 2035s ctx=49672 edit_file materials/01-giz-keynote/README.md
[13] 2124s ctx=50063 edit_file journal.md
[14] 2237s ctx=50257 edit_file journal.md
[15] 2267s ctx=51648 edit_file journal.md
[16] 2280s ctx=51822 read_file specs/data/agent-links.md
[17] 2354s ctx=56293 edit_file journal.md
[18] 2373s ctx=57012 edit_file journal.md
[19] 2437s ctx=57182 edit_file journal.md
[20] 2611s ctx=57895 write_file agent_report.md
[21] 2713s ctx=59163 edit_file journal.md
[22] 2758s ctx=59635 search_files materials/01-giz-keynote; search_files materials/01-giz-keynote; search_files materials/01-giz-keynote
[23] 2812s ctx=60234 All self-checks pass:  - ✅ Header exactly as in rahmen - ✅ 17 slides (1 title + 5 `#` dividers + 11 `##` slides) — withi
##### Agent beendet
